    1  2015-05-19 13:34:16.720640  [cookie length 10 > 8] (invalid)
