    1  2015-08-22 11:09:05.156268 IP (tos 0x0, ttl 64, id 1, offset 0, flags [none], proto UDP (17), length 160)
    192.168.0.105.4342 > 127.0.0.1.4342: LISP-Map-Notify, flags [none],
    3 record(s), Authentication SHA1,
    Authentication-Data: 0x0000:  4bbb 9614 a67a 8604 0407 7995 4537 1906
    Authentication-Data: 0x0010:  836c d1d6
      Record TTL 1440, Authoritative, No-Action, Map Version: 0, [unsupported address family identifier 7680]
    2  2015-08-22 11:09:05.615558 IP (tos 0x0, ttl 64, id 1, offset 0, flags [none], proto UDP (17), length 156)
    192.168.0.105.4342 > 127.0.0.1.4342: LISP-Map-Notify, flags [I-xTR-ID-Present],
    2 record(s), Authentication unknown-type, [authentication data length 35117 > 112] (invalid)
