    1  2005-09-29 12:35:51.933609 IP 10.48.74.126.20105 > 10.48.73.246.12222: LWAPPv0, Data frame, Flags [none], length 24
    2  2005-09-29 12:35:52.069158 IP 10.48.74.126.20105 > 10.48.73.246.12222: LWAPPv0, Data frame, Flags [none], length 64
    3  2005-09-29 12:35:52.108063 IP 10.48.73.246.12223 > 10.48.74.126.20105: LWAPPv0, Data frame, Flags [none], length 33
    4  2005-09-29 12:35:52.109698 IP 10.48.73.246.12223 > 10.48.74.126.20105: LWAPPv0, Control frame, Flags [Control], length 90
    5  2005-09-29 12:35:52.109881 IP 10.48.74.126.20105 > 10.48.73.246.12223: LWAPPv0, Control frame, Flags [Control], length 8
    6  2005-09-29 12:35:52.110132 IP 10.48.74.126.20105 > 10.48.73.246.12222: LWAPPv0, Data frame, Flags [none], length 49
    7  2005-09-29 12:35:52.111933 IP 10.48.74.126.20105 > 10.48.73.246.12222: LWAPPv0, Data frame, Flags [none], length 360
    8  2005-09-29 12:35:52.153648 IP 10.48.73.246.12223 > 10.48.74.126.20105: LWAPPv0, Data frame, Flags [none], length 364
