    1  2023-07-13 18:50:22.425512 PTPv2.1, majorSdoId: 0x0, msg type: sync msg, length: 44, domain: 0, reserved1: 0, Flags [two step], NS correction: 0, sub NS correction: 0, reserved2: 0, clock identity: 0x38f3abfffe96ec12, port id: 1, seq id: 690, control: 0 (Sync), log message interval: 0, originTimeStamp: 0.000000000 seconds
    2  2023-07-13 18:50:22.425609 PTPv2.1, majorSdoId: 0x0, msg type: follow up msg, length: 44, domain: 0, reserved1: 0, Flags [none], NS correction: 0, sub NS correction: 0, reserved2: 0, clock identity: 0x38f3abfffe96ec12, port id: 1, seq id: 690, control: 0 (Sync), log message interval: 0, preciseOriginTimeStamp: 1689274220.141087131 seconds
    3  2023-07-13 18:50:22.586577 PTPv2.1, majorSdoId: 0x0, msg type: peer delay req msg, length: 54, domain: 0, reserved1: 0, Flags [none], NS correction: 0, sub NS correction: 0, reserved2: 0, clock identity: 0x38f3abfffe96ec12, port id: 1, seq id: 697, control: 0 (Sync), log message interval: 127, preciseOriginTimeStamp: 0.000000000 seconds, port identity: 0x0, port id: 0
    4  2023-07-13 18:50:23.377848 PTPv2.1, majorSdoId: 0x0, msg type: announce msg, length: 64, domain: 0, reserved1: 0, Flags [timescale], NS correction: 0, sub NS correction: 0, reserved2: 0, clock identity: 0x38f3abfffe96ec12, port id: 1, seq id: 346, control: 0 (Sync), log message interval: 1, originTimeStamp: 0.000000000 seconds, origin cur utc:37, rsvd: 0, gm priority_1: 128, gm clock class: 248, gm clock accuracy: 254, gm clock variance: 65535, gm priority_2: 128, gm clock id: 0x38f3abfffe96ec12, steps removed: 0, time source: 0xa0
    5  2023-07-13 18:50:23.425692 PTPv2.1, majorSdoId: 0x0, msg type: sync msg, length: 44, domain: 0, reserved1: 0, Flags [two step], NS correction: 0, sub NS correction: 0, reserved2: 0, clock identity: 0x38f3abfffe96ec12, port id: 1, seq id: 691, control: 0 (Sync), log message interval: 0, originTimeStamp: 0.000000000 seconds
    6  2023-07-13 18:50:23.425772 PTPv2.1, majorSdoId: 0x0, msg type: follow up msg, length: 44, domain: 0, reserved1: 0, Flags [none], NS correction: 0, sub NS correction: 0, reserved2: 0, clock identity: 0x38f3abfffe96ec12, port id: 1, seq id: 691, control: 0 (Sync), log message interval: 0, preciseOriginTimeStamp: 1689274221.139650073 seconds
    7  2023-07-13 18:50:23.586670 PTPv2.1, majorSdoId: 0x0, msg type: peer delay req msg, length: 54, domain: 0, reserved1: 0, Flags [none], NS correction: 0, sub NS correction: 0, reserved2: 0, clock identity: 0x38f3abfffe96ec12, port id: 1, seq id: 698, control: 0 (Sync), log message interval: 127, preciseOriginTimeStamp: 0.000000000 seconds, port identity: 0x0, port id: 0
    8  2023-07-13 18:50:24.425890 PTPv2.1, majorSdoId: 0x0, msg type: sync msg, length: 44, domain: 0, reserved1: 0, Flags [two step], NS correction: 0, sub NS correction: 0, reserved2: 0, clock identity: 0x38f3abfffe96ec12, port id: 1, seq id: 692, control: 0 (Sync), log message interval: 0, originTimeStamp: 0.000000000 seconds
    9  2023-07-13 18:50:24.425975 PTPv2.1, majorSdoId: 0x0, msg type: follow up msg, length: 44, domain: 0, reserved1: 0, Flags [none], NS correction: 0, sub NS correction: 0, reserved2: 0, clock identity: 0x38f3abfffe96ec12, port id: 1, seq id: 692, control: 0 (Sync), log message interval: 0, preciseOriginTimeStamp: 1689274222.138235505 seconds
   10  2023-07-13 18:50:24.586827 PTPv2.1, majorSdoId: 0x0, msg type: peer delay req msg, length: 54, domain: 0, reserved1: 0, Flags [none], NS correction: 0, sub NS correction: 0, reserved2: 0, clock identity: 0x38f3abfffe96ec12, port id: 1, seq id: 699, control: 0 (Sync), log message interval: 127, preciseOriginTimeStamp: 0.000000000 seconds, port identity: 0x0, port id: 0
   11  2023-07-13 18:50:25.378023 PTPv2.1, majorSdoId: 0x0, msg type: announce msg, length: 64, domain: 0, reserved1: 0, Flags [timescale], NS correction: 0, sub NS correction: 0, reserved2: 0, clock identity: 0x38f3abfffe96ec12, port id: 1, seq id: 347, control: 0 (Sync), log message interval: 1, originTimeStamp: 0.000000000 seconds, origin cur utc:37, rsvd: 0, gm priority_1: 128, gm clock class: 248, gm clock accuracy: 254, gm clock variance: 65535, gm priority_2: 128, gm clock id: 0x38f3abfffe96ec12, steps removed: 0, time source: 0xa0
   12  2023-07-13 18:50:25.426060 PTPv2.1, majorSdoId: 0x0, msg type: sync msg, length: 44, domain: 0, reserved1: 0, Flags [two step], NS correction: 0, sub NS correction: 0, reserved2: 0, clock identity: 0x38f3abfffe96ec12, port id: 1, seq id: 693, control: 0 (Sync), log message interval: 0, originTimeStamp: 0.000000000 seconds
   13  2023-07-13 18:50:25.426141 PTPv2.1, majorSdoId: 0x0, msg type: follow up msg, length: 44, domain: 0, reserved1: 0, Flags [none], NS correction: 0, sub NS correction: 0, reserved2: 0, clock identity: 0x38f3abfffe96ec12, port id: 1, seq id: 693, control: 0 (Sync), log message interval: 0, preciseOriginTimeStamp: 1689274223.136790595 seconds
   14  2023-07-13 18:50:25.586964 PTPv2.1, majorSdoId: 0x0, msg type: peer delay req msg, length: 54, domain: 0, reserved1: 0, Flags [none], NS correction: 0, sub NS correction: 0, reserved2: 0, clock identity: 0x38f3abfffe96ec12, port id: 1, seq id: 700, control: 0 (Sync), log message interval: 127, preciseOriginTimeStamp: 0.000000000 seconds, port identity: 0x0, port id: 0
   15  2023-07-13 18:50:26.426250 PTPv2.1, majorSdoId: 0x0, msg type: sync msg, length: 44, domain: 0, reserved1: 0, Flags [two step], NS correction: 0, sub NS correction: 0, reserved2: 0, clock identity: 0x38f3abfffe96ec12, port id: 1, seq id: 694, control: 0 (Sync), log message interval: 0, originTimeStamp: 0.000000000 seconds
   16  2023-07-13 18:50:26.426334 PTPv2.1, majorSdoId: 0x0, msg type: follow up msg, length: 44, domain: 0, reserved1: 0, Flags [none], NS correction: 0, sub NS correction: 0, reserved2: 0, clock identity: 0x38f3abfffe96ec12, port id: 1, seq id: 694, control: 0 (Sync), log message interval: 0, preciseOriginTimeStamp: 1689274224.135367681 seconds
   17  2023-07-13 18:50:26.587148 PTPv2.1, majorSdoId: 0x0, msg type: peer delay req msg, length: 54, domain: 0, reserved1: 0, Flags [none], NS correction: 0, sub NS correction: 0, reserved2: 0, clock identity: 0x38f3abfffe96ec12, port id: 1, seq id: 701, control: 0 (Sync), log message interval: 127, preciseOriginTimeStamp: 0.000000000 seconds, port identity: 0x0, port id: 0
   18  2023-07-13 18:50:27.378208 PTPv2.1, majorSdoId: 0x0, msg type: announce msg, length: 64, domain: 0, reserved1: 0, Flags [timescale], NS correction: 0, sub NS correction: 0, reserved2: 0, clock identity: 0x38f3abfffe96ec12, port id: 1, seq id: 348, control: 0 (Sync), log message interval: 1, originTimeStamp: 0.000000000 seconds, origin cur utc:37, rsvd: 0, gm priority_1: 128, gm clock class: 248, gm clock accuracy: 254, gm clock variance: 65535, gm priority_2: 128, gm clock id: 0x38f3abfffe96ec12, steps removed: 0, time source: 0xa0
   19  2023-07-13 18:50:27.426429 PTPv2.1, majorSdoId: 0x0, msg type: sync msg, length: 44, domain: 0, reserved1: 0, Flags [two step], NS correction: 0, sub NS correction: 0, reserved2: 0, clock identity: 0x38f3abfffe96ec12, port id: 1, seq id: 695, control: 0 (Sync), log message interval: 0, originTimeStamp: 0.000000000 seconds
   20  2023-07-13 18:50:27.426515 PTPv2.1, majorSdoId: 0x0, msg type: follow up msg, length: 44, domain: 0, reserved1: 0, Flags [none], NS correction: 0, sub NS correction: 0, reserved2: 0, clock identity: 0x38f3abfffe96ec12, port id: 1, seq id: 695, control: 0 (Sync), log message interval: 0, preciseOriginTimeStamp: 1689274225.133933535 seconds
   21  2023-07-13 18:50:27.587359 PTPv2.1, majorSdoId: 0x0, msg type: peer delay req msg, length: 54, domain: 0, reserved1: 0, Flags [none], NS correction: 0, sub NS correction: 0, reserved2: 0, clock identity: 0x38f3abfffe96ec12, port id: 1, seq id: 702, control: 0 (Sync), log message interval: 127, preciseOriginTimeStamp: 0.000000000 seconds, port identity: 0x0, port id: 0
   22  2023-07-13 18:50:28.426602 PTPv2.1, majorSdoId: 0x0, msg type: sync msg, length: 44, domain: 0, reserved1: 0, Flags [two step], NS correction: 0, sub NS correction: 0, reserved2: 0, clock identity: 0x38f3abfffe96ec12, port id: 1, seq id: 696, control: 0 (Sync), log message interval: 0, originTimeStamp: 0.000000000 seconds
   23  2023-07-13 18:50:28.426684 PTPv2.1, majorSdoId: 0x0, msg type: follow up msg, length: 44, domain: 0, reserved1: 0, Flags [none], NS correction: 0, sub NS correction: 0, reserved2: 0, clock identity: 0x38f3abfffe96ec12, port id: 1, seq id: 696, control: 0 (Sync), log message interval: 0, preciseOriginTimeStamp: 1689274226.132490523 seconds
   24  2023-07-13 18:50:28.587552 PTPv2.1, majorSdoId: 0x0, msg type: peer delay req msg, length: 54, domain: 0, reserved1: 0, Flags [none], NS correction: 0, sub NS correction: 0, reserved2: 0, clock identity: 0x38f3abfffe96ec12, port id: 1, seq id: 703, control: 0 (Sync), log message interval: 127, preciseOriginTimeStamp: 0.000000000 seconds, port identity: 0x0, port id: 0
   25  2023-07-13 18:50:29.378406 PTPv2.1, majorSdoId: 0x0, msg type: announce msg, length: 64, domain: 0, reserved1: 0, Flags [timescale], NS correction: 0, sub NS correction: 0, reserved2: 0, clock identity: 0x38f3abfffe96ec12, port id: 1, seq id: 349, control: 0 (Sync), log message interval: 1, originTimeStamp: 0.000000000 seconds, origin cur utc:37, rsvd: 0, gm priority_1: 128, gm clock class: 248, gm clock accuracy: 254, gm clock variance: 65535, gm priority_2: 128, gm clock id: 0x38f3abfffe96ec12, steps removed: 0, time source: 0xa0
   26  2023-07-13 18:50:29.426793 PTPv2.1, majorSdoId: 0x0, msg type: sync msg, length: 44, domain: 0, reserved1: 0, Flags [two step], NS correction: 0, sub NS correction: 0, reserved2: 0, clock identity: 0x38f3abfffe96ec12, port id: 1, seq id: 697, control: 0 (Sync), log message interval: 0, originTimeStamp: 0.000000000 seconds
   27  2023-07-13 18:50:29.426878 PTPv2.1, majorSdoId: 0x0, msg type: follow up msg, length: 44, domain: 0, reserved1: 0, Flags [none], NS correction: 0, sub NS correction: 0, reserved2: 0, clock identity: 0x38f3abfffe96ec12, port id: 1, seq id: 697, control: 0 (Sync), log message interval: 0, preciseOriginTimeStamp: 1689274227.131069455 seconds
   28  2023-07-13 18:50:29.587761 PTPv2.1, majorSdoId: 0x0, msg type: peer delay req msg, length: 54, domain: 0, reserved1: 0, Flags [none], NS correction: 0, sub NS correction: 0, reserved2: 0, clock identity: 0x38f3abfffe96ec12, port id: 1, seq id: 704, control: 0 (Sync), log message interval: 127, preciseOriginTimeStamp: 0.000000000 seconds, port identity: 0x0, port id: 0
   29  2023-07-13 18:50:30.426971 PTPv2.1, majorSdoId: 0x0, msg type: sync msg, length: 44, domain: 0, reserved1: 0, Flags [two step], NS correction: 0, sub NS correction: 0, reserved2: 0, clock identity: 0x38f3abfffe96ec12, port id: 1, seq id: 698, control: 0 (Sync), log message interval: 0, originTimeStamp: 0.000000000 seconds
   30  2023-07-13 18:50:30.427054 PTPv2.1, majorSdoId: 0x0, msg type: follow up msg, length: 44, domain: 0, reserved1: 0, Flags [none], NS correction: 0, sub NS correction: 0, reserved2: 0, clock identity: 0x38f3abfffe96ec12, port id: 1, seq id: 698, control: 0 (Sync), log message interval: 0, preciseOriginTimeStamp: 1689274228.129632683 seconds
   31  2023-07-13 18:50:30.587838 PTPv2.1, majorSdoId: 0x0, msg type: peer delay req msg, length: 54, domain: 0, reserved1: 0, Flags [none], NS correction: 0, sub NS correction: 0, reserved2: 0, clock identity: 0x38f3abfffe96ec12, port id: 1, seq id: 705, control: 0 (Sync), log message interval: 127, preciseOriginTimeStamp: 0.000000000 seconds, port identity: 0x0, port id: 0
   32  2023-07-13 18:50:31.378612 PTPv2.1, majorSdoId: 0x0, msg type: announce msg, length: 64, domain: 0, reserved1: 0, Flags [timescale], NS correction: 0, sub NS correction: 0, reserved2: 0, clock identity: 0x38f3abfffe96ec12, port id: 1, seq id: 350, control: 0 (Sync), log message interval: 1, originTimeStamp: 0.000000000 seconds, origin cur utc:37, rsvd: 0, gm priority_1: 128, gm clock class: 248, gm clock accuracy: 254, gm clock variance: 65535, gm priority_2: 128, gm clock id: 0x38f3abfffe96ec12, steps removed: 0, time source: 0xa0
   33  2023-07-13 18:50:31.427185 PTPv2.1, majorSdoId: 0x0, msg type: sync msg, length: 44, domain: 0, reserved1: 0, Flags [two step], NS correction: 0, sub NS correction: 0, reserved2: 0, clock identity: 0x38f3abfffe96ec12, port id: 1, seq id: 699, control: 0 (Sync), log message interval: 0, originTimeStamp: 0.000000000 seconds
   34  2023-07-13 18:50:31.427268 PTPv2.1, majorSdoId: 0x0, msg type: follow up msg, length: 44, domain: 0, reserved1: 0, Flags [none], NS correction: 0, sub NS correction: 0, reserved2: 0, clock identity: 0x38f3abfffe96ec12, port id: 1, seq id: 699, control: 0 (Sync), log message interval: 0, preciseOriginTimeStamp: 1689274229.128232389 seconds
   35  2023-07-13 18:50:31.587912 PTPv2.1, majorSdoId: 0x0, msg type: peer delay req msg, length: 54, domain: 0, reserved1: 0, Flags [none], NS correction: 0, sub NS correction: 0, reserved2: 0, clock identity: 0x38f3abfffe96ec12, port id: 1, seq id: 706, control: 0 (Sync), log message interval: 127, preciseOriginTimeStamp: 0.000000000 seconds, port identity: 0x0, port id: 0
   36  2023-07-13 18:50:32.427388 PTPv2.1, majorSdoId: 0x0, msg type: sync msg, length: 44, domain: 0, reserved1: 0, Flags [two step], NS correction: 0, sub NS correction: 0, reserved2: 0, clock identity: 0x38f3abfffe96ec12, port id: 1, seq id: 700, control: 0 (Sync), log message interval: 0, originTimeStamp: 0.000000000 seconds
   37  2023-07-13 18:50:32.427487 PTPv2.1, majorSdoId: 0x0, msg type: follow up msg, length: 44, domain: 0, reserved1: 0, Flags [none], NS correction: 0, sub NS correction: 0, reserved2: 0, clock identity: 0x38f3abfffe96ec12, port id: 1, seq id: 700, control: 0 (Sync), log message interval: 0, preciseOriginTimeStamp: 1689274230.126823307 seconds
   38  2023-07-13 18:50:32.588105 PTPv2.1, majorSdoId: 0x0, msg type: peer delay req msg, length: 54, domain: 0, reserved1: 0, Flags [none], NS correction: 0, sub NS correction: 0, reserved2: 0, clock identity: 0x38f3abfffe96ec12, port id: 1, seq id: 707, control: 0 (Sync), log message interval: 127, preciseOriginTimeStamp: 0.000000000 seconds, port identity: 0x0, port id: 0
