    1  2004-09-16 10:16:30.071440 IP 172.16.10.251.525 > 172.16.255.255.525: TSP_LOOP vers 1 seq 15498 hopcnt 10 name OTTO.testlab.dev.bluearc.com
