    1  2023-11-18 11:13:40.999999 FRF.16 Frag, seq 193, Flags [Begin, End], UI 08! VTP [version 69 > 3] (invalid) [|vtp]
    2  [Invalid header: caplen==0]
    3  [Invalid header: caplen==0, len==0]
    4  [Invalid header: caplen==0, len==0]
    5  [Invalid header: caplen==0, len==0]
