    1  2023-11-18 11:13:40.999999 FRF.16 Frag, seq 193, Flags [Begin, End], UI 08! VTP [version 69 > 3] (invalid) [|vtp]
